2026-03-16 21:03:46,421 - __main__ - INFO - Starting Super Mario Bros AI Training System
2026-03-16 21:03:46,427 - python.utils.config_loader - INFO - Loaded configuration file: training_config.yaml
2026-03-16 21:03:46,427 - python.training.trainer - INFO - Initializing Mario Trainer - Session: 20260316_210346
2026-03-16 21:03:46,429 - python.training.trainer - INFO - TensorBoard logging enabled -> runs\20260316_210346
2026-03-16 21:03:46,491 - python.mario_logging.csv_logger - INFO - CSV Logger initialized with session ID: 20260316_210346
2026-03-16 21:03:46,492 - python.training.training_utils - INFO - Training state manager initialized: checkpoints
2026-03-16 21:03:46,564 - python.utils.model_utils - INFO - Using device: cuda
2026-03-16 21:03:46,566 - python.utils.model_utils - INFO - GPU Info: NVIDIA GeForce RTX 4070 Laptop GPU (8.0GB)
2026-03-16 21:03:46,566 - python.utils.model_utils - INFO - Available GPUs: 1
2026-03-16 21:03:46,701 - python.utils.windows_optimization - INFO - Applied Windows optimizations: TensorFloat-32 enabled, cuDNN benchmark mode enabled, Channels-last memory format enabled, Mixed precision autocast available
2026-03-16 21:03:46,701 - python.utils.model_utils - INFO - Applied Windows-specific PyTorch optimizations
2026-03-16 21:03:46,701 - python.utils.model_utils - INFO - Windows optimization report:
Windows PyTorch Optimization Report:
==================================================
Environment Optimizations:
- CUDA async operations: Enabled
- cuDNN v8 API: Enabled
- TF32 override: Enabled
- OMP threads: 8

Model Optimizations Applied:
- TensorFloat-32 enabled
- cuDNN benchmark mode enabled
- Channels-last memory format enabled
- Mixed precision autocast available

GPU: NVIDIA GeForce RTX 4070 Laptop GPU (8.0GB)
- Ampere architecture detected: TF32 optimizations available

Performance Impact:
- Expected speedup: 15-30% over unoptimized PyTorch
- Memory efficiency: Improved through optimized allocation
- Training stability: Enhanced through mixed precision

2026-03-16 21:03:46,701 - python.utils.model_utils - INFO - Mixed precision training enabled
2026-03-16 21:03:46,707 - python.utils.windows_optimization - INFO - Created optimized gradient scaler (new API)
2026-03-16 21:03:46,707 - python.agents.dqn_agent - INFO - Networks initialized on device: cuda
2026-03-16 21:03:46,765 - python.agents.dqn_agent - INFO - Using prioritized experience replay
2026-03-16 21:03:48,050 - python.agents.dqn_agent - INFO - Optimizer initialized: Adam
2026-03-16 21:03:48,051 - python.agents.dqn_agent - INFO - DQN Agent initialized successfully
2026-03-16 21:03:48,051 - python.environment.episode_manager - INFO - Episode manager initialized with log directory: logs
2026-03-16 21:03:48,051 - python.capture.frame_capture - INFO - Found window: FCEUX 2.6.6: Super Mario Bros. (World) at (1, 77, 529, 584)
2026-03-16 21:03:48,051 - python.capture.frame_capture - INFO - Game capture region: (27, 55, 473, 444)
2026-03-16 21:03:48,052 - python.training.training_utils - INFO - Initialized training state for session: 20260316_210346
2026-03-16 21:03:48,052 - python.training.trainer - INFO - All subsystems initialized successfully
2026-03-16 21:03:48,052 - python.training.trainer - INFO - Mario Trainer initialization completed
2026-03-16 21:03:48,052 - python.training.trainer - INFO - Starting Mario AI training...
2026-03-16 21:03:48,052 - python.communication.websocket_server - INFO - Starting WebSocket server on localhost:8765
2026-03-16 21:03:48,059 - python.communication.websocket_server - INFO - WebSocket server started successfully
2026-03-16 21:03:48,059 - python.training.trainer - INFO - Waiting for FCEUX client connection...
2026-03-16 21:03:57,637 - python.communication.websocket_server - INFO - Client connected from 127.0.0.1:63963
2026-03-16 21:03:57,637 - python.communication.websocket_server - INFO - Received initialization message
2026-03-16 21:03:57,638 - python.communication.websocket_server - INFO - Sent initialization acknowledgment (enhanced_features: False)
2026-03-16 21:03:58,113 - python.training.trainer - INFO - Client connected, starting training loop...
2026-03-16 21:03:58,114 - python.capture.frame_capture - INFO - Using Lua screen capture mode (no window capture needed)
2026-03-16 21:03:58,114 - python.training.trainer - INFO - Frame capture started successfully
2026-03-16 21:03:58,114 - python.training.trainer - INFO - Entering main training loop...
2026-03-16 21:03:58,115 - python.training.trainer - INFO - Starting episode 1
2026-03-16 21:03:58,122 - python.training.trainer - INFO - Lua episode 1 event: started
2026-03-16 21:03:58,626 - python.environment.episode_manager - INFO - Started episode 1 in exploration phase
2026-03-16 21:03:58,626 - python.training.trainer - INFO - Starting episode 1, waiting for game state data...
2026-03-16 21:03:58,630 - python.training.trainer - INFO - Terminal state detected in episode manager: death
2026-03-16 21:04:05,264 - python.training.trainer - INFO - Episode 1, Step 100: Reward=0.00, Total=-54.00, Mario X=0, Action=10
2026-03-16 21:04:11,936 - python.training.trainer - INFO - Episode 1, Step 200: Reward=0.00, Total=-54.00, Mario X=0, Action=5
2026-03-16 21:04:18,593 - python.training.trainer - INFO - Episode 1, Step 300: Reward=0.00, Total=-54.00, Mario X=0, Action=2
2026-03-16 21:04:25,267 - python.training.trainer - INFO - Episode 1, Step 400: Reward=0.00, Total=-53.90, Mario X=1, Action=5
2026-03-16 21:04:29,883 - python.training.trainer - INFO - Terminal state detected in episode manager: stuck_timeout
2026-03-16 21:04:29,963 - python.training.trainer - INFO - Episode ended by game state handler
2026-03-16 21:04:29,964 - python.agents.dqn_agent - INFO - Episode 1 completed: Reward=-54.0, Length=1874, Epsilon=0.998
2026-03-16 21:04:29,965 - python.environment.episode_manager - INFO - Episode 1 completed: Status=terminated, Reward=-50.0, Distance=40, Progress=1.3%, Duration=31.3s, FPS=59.8
2026-03-16 21:04:29,970 - python.training.trainer - INFO - Episode 1 completed: Reward=-54.0, Distance=40, Duration=31.3s, Completed=False
2026-03-16 21:04:29,970 - python.training.trainer - INFO - Saving checkpoint at episode 0
2026-03-16 21:04:30,008 - python.training.training_utils - INFO - Created checkpoint: checkpoints\checkpoint_ep1_20260316_210429.pt
2026-03-16 21:04:30,009 - python.training.trainer - INFO - Checkpoint saved: checkpoints\checkpoint_ep1_20260316_210429.pt
2026-03-16 21:04:30,009 - python.training.trainer - INFO - Starting episode 2
2026-03-16 21:04:30,010 - python.training.trainer - INFO - Lua episode 2 event: started
2026-03-16 21:04:30,515 - python.environment.episode_manager - INFO - Started episode 2 in exploration phase
2026-03-16 21:04:30,515 - python.training.trainer - INFO - Starting episode 2, waiting for game state data...
2026-03-16 21:04:30,525 - python.training.trainer - INFO - Terminal state detected in episode manager: death
2026-03-16 21:04:37,147 - python.training.trainer - INFO - Episode 2, Step 100: Reward=0.00, Total=-54.00, Mario X=0, Action=8
2026-03-16 21:04:43,818 - python.training.trainer - INFO - Episode 2, Step 200: Reward=0.00, Total=-54.00, Mario X=0, Action=6
2026-03-16 21:04:50,475 - python.training.trainer - INFO - Episode 2, Step 300: Reward=0.00, Total=-53.90, Mario X=1, Action=6
2026-03-16 21:04:57,144 - python.training.trainer - INFO - Episode 2, Step 400: Reward=0.00, Total=-54.00, Mario X=0, Action=5
2026-03-16 21:05:01,528 - python.training.trainer - INFO - Terminal state detected in episode manager: stuck_timeout
2026-03-16 21:05:01,551 - python.training.trainer - INFO - Episode ended by game state handler
2026-03-16 21:05:01,551 - python.agents.dqn_agent - INFO - Episode 2 completed: Reward=-54.0, Length=1861, Epsilon=0.996
2026-03-16 21:05:01,552 - python.environment.episode_manager - INFO - Episode 2 completed: Status=terminated, Reward=-50.0, Distance=40, Progress=1.3%, Duration=31.0s, FPS=60.0
2026-03-16 21:05:01,555 - python.training.trainer - INFO - Episode 2 completed: Reward=-54.0, Distance=40, Duration=31.0s, Completed=False
2026-03-16 21:05:01,555 - python.training.trainer - INFO - Starting episode 3
2026-03-16 21:05:01,557 - python.training.trainer - INFO - Lua episode 3 event: started
2026-03-16 21:05:02,061 - python.environment.episode_manager - INFO - Started episode 3 in exploration phase
2026-03-16 21:05:02,061 - python.training.trainer - INFO - Starting episode 3, waiting for game state data...
2026-03-16 21:05:02,082 - python.training.trainer - INFO - Terminal state detected in episode manager: death
2026-03-16 21:05:08,694 - python.training.trainer - INFO - Episode 3, Step 100: Reward=0.00, Total=-54.00, Mario X=0, Action=8
2026-03-16 21:05:15,366 - python.training.trainer - INFO - Episode 3, Step 200: Reward=0.00, Total=-54.00, Mario X=0, Action=5
2026-03-16 21:05:22,020 - python.training.trainer - INFO - Episode 3, Step 300: Reward=0.00, Total=-54.00, Mario X=0, Action=6
2026-03-16 21:05:28,678 - python.training.trainer - INFO - Episode 3, Step 400: Reward=0.00, Total=-54.00, Mario X=0, Action=1
2026-03-16 21:05:33,290 - python.training.trainer - INFO - Terminal state detected in episode manager: stuck_timeout
2026-03-16 21:05:33,341 - python.training.trainer - INFO - Episode ended by game state handler
2026-03-16 21:05:33,342 - python.agents.dqn_agent - INFO - Episode 3 completed: Reward=-54.0, Length=1875, Epsilon=0.994
2026-03-16 21:05:33,342 - python.environment.episode_manager - INFO - Episode 3 completed: Status=terminated, Reward=-50.0, Distance=40, Progress=1.3%, Duration=31.3s, FPS=59.9
2026-03-16 21:05:33,345 - python.training.trainer - INFO - Episode 3 completed: Reward=-54.0, Distance=40, Duration=31.3s, Completed=False
2026-03-16 21:05:33,345 - python.training.trainer - INFO - Starting episode 4
2026-03-16 21:05:33,346 - python.training.trainer - INFO - Lua episode 4 event: started
2026-03-16 21:05:33,858 - python.environment.episode_manager - INFO - Started episode 4 in exploration phase
2026-03-16 21:05:33,858 - python.training.trainer - INFO - Starting episode 4, waiting for game state data...
2026-03-16 21:05:33,862 - python.training.trainer - INFO - Terminal state detected in episode manager: death
2026-03-16 21:05:40,469 - python.training.trainer - INFO - Episode 4, Step 100: Reward=0.00, Total=-54.00, Mario X=0, Action=10
2026-03-16 21:05:47,127 - python.training.trainer - INFO - Episode 4, Step 200: Reward=0.00, Total=-53.90, Mario X=1, Action=8
2026-03-16 21:05:53,790 - python.training.trainer - INFO - Episode 4, Step 300: Reward=0.00, Total=-54.00, Mario X=0, Action=6
2026-03-16 21:06:00,452 - python.training.trainer - INFO - Episode 4, Step 400: Reward=0.00, Total=-54.00, Mario X=0, Action=6
2026-03-16 21:06:04,506 - python.training.trainer - INFO - Terminal state detected in episode manager: stuck_timeout
2026-03-16 21:06:04,573 - python.training.trainer - INFO - Episode ended by game state handler
2026-03-16 21:06:04,574 - python.agents.dqn_agent - INFO - Episode 4 completed: Reward=-54.0, Length=1841, Epsilon=0.992
2026-03-16 21:06:04,574 - python.environment.episode_manager - INFO - Episode 4 completed: Status=terminated, Reward=-50.0, Distance=40, Progress=1.3%, Duration=30.7s, FPS=59.9
2026-03-16 21:06:04,576 - python.training.trainer - INFO - Episode 4 completed: Reward=-54.0, Distance=40, Duration=30.7s, Completed=False
2026-03-16 21:06:04,576 - python.training.trainer - INFO - Starting episode 5
2026-03-16 21:06:04,577 - python.training.trainer - INFO - Lua episode 5 event: started
2026-03-16 21:06:05,080 - python.environment.episode_manager - INFO - Started episode 5 in exploration phase
2026-03-16 21:06:05,081 - python.training.trainer - INFO - Starting episode 5, waiting for game state data...
2026-03-16 21:06:05,103 - python.training.trainer - INFO - Terminal state detected in episode manager: death
2026-03-16 21:06:11,703 - python.training.trainer - INFO - Episode 5, Step 100: Reward=0.00, Total=-54.00, Mario X=0, Action=8
2026-03-16 21:06:18,377 - python.training.trainer - INFO - Episode 5, Step 200: Reward=0.00, Total=-54.00, Mario X=0, Action=8
2026-03-16 21:06:25,027 - python.training.trainer - INFO - Episode 5, Step 300: Reward=0.00, Total=-54.00, Mario X=0, Action=6
2026-03-16 21:06:31,704 - python.training.trainer - INFO - Episode 5, Step 400: Reward=0.00, Total=-54.00, Mario X=0, Action=11
2026-03-16 21:06:36,053 - python.training.trainer - INFO - Terminal state detected in episode manager: stuck_timeout
2026-03-16 21:06:36,075 - python.training.trainer - INFO - Episode ended by game state handler
2026-03-16 21:06:36,075 - python.agents.dqn_agent - INFO - Episode 5 completed: Reward=-54.0, Length=1859, Epsilon=0.990
2026-03-16 21:06:36,076 - python.environment.episode_manager - INFO - Episode 5 completed: Status=terminated, Reward=-50.0, Distance=40, Progress=1.3%, Duration=31.0s, FPS=60.0
2026-03-16 21:06:36,078 - python.training.trainer - INFO - Episode 5 completed: Reward=-54.0, Distance=40, Duration=31.0s, Completed=False
2026-03-16 21:06:36,078 - python.training.trainer - INFO - Starting episode 6
2026-03-16 21:06:36,079 - python.training.trainer - INFO - Lua episode 6 event: started
2026-03-16 21:06:36,588 - python.environment.episode_manager - INFO - Started episode 6 in exploration phase
2026-03-16 21:06:36,591 - python.training.trainer - INFO - Starting episode 6, waiting for game state data...
2026-03-16 21:06:36,595 - python.training.trainer - INFO - Terminal state detected in episode manager: death
2026-03-16 21:06:43,200 - python.training.trainer - INFO - Episode 6, Step 100: Reward=0.00, Total=-53.90, Mario X=1, Action=8
2026-03-16 21:06:49,883 - python.training.trainer - INFO - Episode 6, Step 200: Reward=0.00, Total=-53.80, Mario X=2, Action=10
2026-03-16 21:06:56,563 - python.training.trainer - INFO - Episode 6, Step 300: Reward=0.00, Total=-54.00, Mario X=0, Action=8
2026-03-16 21:07:03,237 - python.training.trainer - INFO - Episode 6, Step 400: Reward=0.00, Total=-54.00, Mario X=0, Action=10
2026-03-16 21:07:08,067 - python.training.trainer - INFO - Terminal state detected in episode manager: stuck_timeout
2026-03-16 21:07:08,077 - python.training.trainer - INFO - Episode ended by game state handler
2026-03-16 21:07:08,077 - python.agents.dqn_agent - INFO - Episode 6 completed: Reward=-54.0, Length=1888, Epsilon=0.988
2026-03-16 21:07:08,078 - python.environment.episode_manager - INFO - Episode 6 completed: Status=terminated, Reward=-50.0, Distance=40, Progress=1.3%, Duration=31.5s, FPS=60.0
2026-03-16 21:07:08,080 - python.training.trainer - INFO - Episode 6 completed: Reward=-54.0, Distance=40, Duration=31.5s, Completed=False
2026-03-16 21:07:08,080 - python.training.trainer - INFO - Starting episode 7
2026-03-16 21:07:08,081 - python.training.trainer - INFO - Lua episode 7 event: started
2026-03-16 21:07:08,594 - python.environment.episode_manager - INFO - Started episode 7 in exploration phase
2026-03-16 21:07:08,594 - python.training.trainer - INFO - Starting episode 7, waiting for game state data...
2026-03-16 21:07:08,601 - python.training.trainer - INFO - Terminal state detected in episode manager: death
2026-03-16 21:07:15,201 - python.training.trainer - INFO - Episode 7, Step 100: Reward=0.00, Total=-53.00, Mario X=10, Action=10
2026-03-16 21:07:21,872 - python.training.trainer - INFO - Episode 7, Step 200: Reward=0.00, Total=-54.00, Mario X=0, Action=10
2026-03-16 21:07:28,530 - python.training.trainer - INFO - Episode 7, Step 300: Reward=0.00, Total=-54.00, Mario X=0, Action=11
2026-03-16 21:07:35,307 - python.training.trainer - INFO - Episode 7, Step 400: Reward=0.00, Total=-54.00, Mario X=0, Action=8
2026-03-16 21:07:38,714 - python.training.trainer - INFO - Terminal state detected in episode manager: stuck_timeout
2026-03-16 21:07:38,775 - python.training.trainer - INFO - Episode ended by game state handler
2026-03-16 21:07:38,776 - python.agents.dqn_agent - INFO - Episode 7 completed: Reward=-53.9, Length=1802, Epsilon=0.986
2026-03-16 21:07:38,777 - python.environment.episode_manager - INFO - Episode 7 completed: Status=terminated, Reward=-49.9, Distance=40, Progress=1.3%, Duration=30.2s, FPS=59.7
2026-03-16 21:07:38,779 - python.training.trainer - INFO - Episode 7 completed: Reward=-53.9, Distance=40, Duration=30.2s, Completed=False
2026-03-16 21:07:38,780 - python.training.trainer - INFO - Starting episode 8
2026-03-16 21:07:38,787 - python.training.trainer - INFO - Lua episode 8 event: started
2026-03-16 21:07:39,285 - python.environment.episode_manager - INFO - Started episode 8 in exploration phase
2026-03-16 21:07:39,286 - python.training.trainer - INFO - Starting episode 8, waiting for game state data...
2026-03-16 21:07:39,307 - python.training.trainer - INFO - Terminal state detected in episode manager: death
2026-03-16 21:07:45,895 - python.training.trainer - INFO - Episode 8, Step 100: Reward=-0.10, Total=-53.80, Mario X=2, Action=11
2026-03-16 21:07:52,568 - python.training.trainer - INFO - Episode 8, Step 200: Reward=0.00, Total=-54.00, Mario X=0, Action=5
2026-03-16 21:07:59,224 - python.training.trainer - INFO - Episode 8, Step 300: Reward=0.00, Total=-54.00, Mario X=0, Action=8
2026-03-16 21:08:05,897 - python.training.trainer - INFO - Episode 8, Step 400: Reward=0.00, Total=-54.00, Mario X=0, Action=5
2026-03-16 21:08:09,794 - python.training.trainer - INFO - Terminal state detected in episode manager: stuck_timeout
2026-03-16 21:08:09,859 - python.training.trainer - INFO - Episode ended by game state handler
2026-03-16 21:08:09,859 - python.agents.dqn_agent - INFO - Episode 8 completed: Reward=-54.0, Length=1832, Epsilon=0.984
2026-03-16 21:08:09,860 - python.environment.episode_manager - INFO - Episode 8 completed: Status=terminated, Reward=-50.0, Distance=40, Progress=1.3%, Duration=30.6s, FPS=59.9
2026-03-16 21:08:09,862 - python.training.trainer - INFO - Episode 8 completed: Reward=-54.0, Distance=40, Duration=30.6s, Completed=False
2026-03-16 21:08:09,862 - python.training.trainer - INFO - Starting episode 9
2026-03-16 21:08:09,864 - python.training.trainer - INFO - Lua episode 9 event: started
2026-03-16 21:08:10,363 - python.environment.episode_manager - INFO - Started episode 9 in exploration phase
2026-03-16 21:08:10,364 - python.training.trainer - INFO - Starting episode 9, waiting for game state data...
2026-03-16 21:08:10,385 - python.training.trainer - INFO - Terminal state detected in episode manager: death
2026-03-16 21:08:17,014 - python.training.trainer - INFO - Episode 9, Step 100: Reward=0.00, Total=-54.00, Mario X=0, Action=2
2026-03-16 21:08:23,668 - python.training.trainer - INFO - Episode 9, Step 200: Reward=0.00, Total=-54.00, Mario X=0, Action=2
2026-03-16 21:08:30,320 - python.training.trainer - INFO - Episode 9, Step 300: Reward=0.00, Total=-53.90, Mario X=1, Action=1
2026-03-16 21:08:36,976 - python.training.trainer - INFO - Episode 9, Step 400: Reward=0.00, Total=-53.90, Mario X=1, Action=10
2026-03-16 21:08:42,025 - python.training.trainer - INFO - Terminal state detected in episode manager: stuck_timeout
2026-03-16 21:08:42,063 - python.training.trainer - INFO - Episode ended by game state handler
2026-03-16 21:08:42,064 - python.agents.dqn_agent - INFO - Episode 9 completed: Reward=-54.0, Length=1901, Epsilon=0.982
2026-03-16 21:08:42,064 - python.environment.episode_manager - INFO - Episode 9 completed: Status=terminated, Reward=-50.0, Distance=40, Progress=1.3%, Duration=31.7s, FPS=60.0
2026-03-16 21:08:42,066 - python.training.trainer - INFO - Episode 9 completed: Reward=-54.0, Distance=40, Duration=31.7s, Completed=False
2026-03-16 21:08:42,066 - python.training.trainer - INFO - Starting episode 10
2026-03-16 21:08:42,068 - python.training.trainer - INFO - Lua episode 10 event: started
2026-03-16 21:08:42,569 - python.environment.episode_manager - INFO - Started episode 10 in exploration phase
2026-03-16 21:08:42,569 - python.training.trainer - INFO - Starting episode 10, waiting for game state data...
2026-03-16 21:08:42,588 - python.training.trainer - INFO - Terminal state detected in episode manager: death
2026-03-16 21:08:49,208 - python.training.trainer - INFO - Episode 10, Step 100: Reward=0.00, Total=-54.00, Mario X=0, Action=8
2026-03-16 21:08:55,862 - python.training.trainer - INFO - Episode 10, Step 200: Reward=0.00, Total=-54.00, Mario X=0, Action=8
2026-03-16 21:09:02,521 - python.training.trainer - INFO - Episode 10, Step 300: Reward=0.00, Total=-54.00, Mario X=0, Action=5
2026-03-16 21:09:09,191 - python.training.trainer - INFO - Episode 10, Step 400: Reward=0.00, Total=-54.00, Mario X=0, Action=6
2026-03-16 21:09:12,594 - python.training.trainer - INFO - Terminal state detected in episode manager: stuck_timeout
2026-03-16 21:09:12,665 - python.training.trainer - INFO - Episode ended by game state handler
2026-03-16 21:09:12,666 - python.agents.dqn_agent - INFO - Episode 10 completed: Reward=-54.0, Length=1802, Epsilon=0.980
2026-03-16 21:09:12,666 - python.environment.episode_manager - INFO - Episode 10 completed: Status=terminated, Reward=-50.0, Distance=40, Progress=1.3%, Duration=30.1s, FPS=59.9
2026-03-16 21:09:12,669 - python.training.trainer - INFO - Episode 10 completed: Reward=-54.0, Distance=40, Duration=30.1s, Completed=False
2026-03-16 21:09:12,670 - python.training.trainer - INFO - Starting episode 11
2026-03-16 21:09:12,671 - python.training.trainer - INFO - Lua episode 11 event: started
2026-03-16 21:09:13,173 - python.environment.episode_manager - INFO - Started episode 11 in exploration phase
2026-03-16 21:09:13,174 - python.training.trainer - INFO - Starting episode 11, waiting for game state data...
2026-03-16 21:09:13,189 - python.training.trainer - INFO - Terminal state detected in episode manager: death
2026-03-16 21:09:19,806 - python.training.trainer - INFO - Episode 11, Step 100: Reward=0.00, Total=-54.00, Mario X=0, Action=8
2026-03-16 21:09:26,480 - python.training.trainer - INFO - Episode 11, Step 200: Reward=0.00, Total=-54.00, Mario X=0, Action=5
2026-03-16 21:09:33,139 - python.training.trainer - INFO - Episode 11, Step 300: Reward=0.00, Total=-54.00, Mario X=0, Action=8
2026-03-16 21:09:39,789 - python.training.trainer - INFO - Episode 11, Step 400: Reward=0.00, Total=-54.00, Mario X=0, Action=6
2026-03-16 21:09:43,196 - python.training.trainer - INFO - Terminal state detected in episode manager: stuck_timeout
2026-03-16 21:09:43,281 - python.training.trainer - INFO - Episode ended by game state handler
2026-03-16 21:09:43,282 - python.agents.dqn_agent - INFO - Episode 11 completed: Reward=-54.0, Length=1802, Epsilon=0.978
2026-03-16 21:09:43,283 - python.environment.episode_manager - INFO - Episode 11 completed: Status=terminated, Reward=-50.0, Distance=40, Progress=1.3%, Duration=30.1s, FPS=59.8
2026-03-16 21:09:43,286 - python.training.trainer - INFO - Episode 11 completed: Reward=-54.0, Distance=40, Duration=30.1s, Completed=False
2026-03-16 21:09:43,286 - python.training.trainer - INFO - Starting episode 12
2026-03-16 21:09:43,287 - python.training.trainer - INFO - Lua episode 12 event: started
2026-03-16 21:09:43,790 - python.environment.episode_manager - INFO - Started episode 12 in exploration phase
2026-03-16 21:09:43,790 - python.training.trainer - INFO - Starting episode 12, waiting for game state data...
2026-03-16 21:09:43,813 - python.training.trainer - INFO - Terminal state detected in episode manager: death
2026-03-16 21:09:50,437 - python.training.trainer - INFO - Episode 12, Step 100: Reward=0.00, Total=-53.80, Mario X=2, Action=6
2026-03-16 21:09:57,095 - python.training.trainer - INFO - Episode 12, Step 200: Reward=0.00, Total=-54.00, Mario X=0, Action=10
2026-03-16 21:10:03,751 - python.training.trainer - INFO - Episode 12, Step 300: Reward=0.00, Total=-54.00, Mario X=0, Action=5
2026-03-16 21:10:10,406 - python.training.trainer - INFO - Episode 12, Step 400: Reward=0.00, Total=-54.00, Mario X=0, Action=8
2026-03-16 21:10:14,608 - python.training.trainer - INFO - Terminal state detected in episode manager: stuck_timeout
2026-03-16 21:10:14,712 - python.training.trainer - INFO - Episode ended by game state handler
2026-03-16 21:10:14,713 - python.agents.dqn_agent - INFO - Episode 12 completed: Reward=-54.0, Length=1850, Epsilon=0.976
2026-03-16 21:10:14,714 - python.environment.episode_manager - INFO - Episode 12 completed: Status=terminated, Reward=-50.0, Distance=40, Progress=1.3%, Duration=30.9s, FPS=59.8
2026-03-16 21:10:14,717 - python.training.trainer - INFO - Episode 12 completed: Reward=-54.0, Distance=40, Duration=30.9s, Completed=False
2026-03-16 21:10:14,717 - python.training.trainer - INFO - Starting episode 13
2026-03-16 21:10:14,725 - python.training.trainer - INFO - Lua episode 13 event: started
2026-03-16 21:10:15,221 - python.environment.episode_manager - INFO - Started episode 13 in exploration phase
2026-03-16 21:10:15,222 - python.training.trainer - INFO - Starting episode 13, waiting for game state data...
2026-03-16 21:10:15,244 - python.training.trainer - INFO - Terminal state detected in episode manager: death
2026-03-16 21:10:21,837 - python.training.trainer - INFO - Episode 13, Step 100: Reward=0.00, Total=-54.00, Mario X=0, Action=5
2026-03-16 21:10:27,388 - python.communication.websocket_server - INFO - Client disconnect notification: script_shutdown
2026-03-16 21:10:27,388 - python.communication.websocket_server - INFO - Client 127.0.0.1:63963 disconnected (code=1006, reason='')
2026-03-16 21:10:27,388 - python.communication.websocket_server - WARNING - Close code suggests ping/pong timeout or abnormal closure
2026-03-16 21:10:27,457 - python.agents.dqn_agent - INFO - Episode 13 completed: Reward=-54.0, Length=729, Epsilon=0.974
2026-03-16 21:10:27,458 - python.environment.episode_manager - INFO - Episode 13 completed: Status=failed, Reward=-50.0, Distance=40, Progress=1.3%, Duration=12.2s, FPS=59.6
2026-03-16 21:10:27,461 - python.training.trainer - INFO - Episode 13 completed: Reward=-54.0, Distance=40, Duration=12.2s, Completed=False
2026-03-16 21:10:27,461 - python.training.trainer - WARNING - Client disconnected, waiting for reconnection...
2026-03-16 21:10:30,684 - __main__ - INFO - Received signal 2, initiating graceful shutdown...
2026-03-16 21:10:31,507 - python.training.trainer - INFO - Training loop completed
2026-03-16 21:10:31,507 - python.training.trainer - INFO - Training flagged to stop but still running - skipping cleanup to allow recovery
2026-03-16 21:10:31,507 - __main__ - INFO - Training completed successfully
